Document usage:

- test

# Develop app {#PROJ-42}

The goal of app is ...

``` bash
$ command
output
```

## Implement X

The goal of this story is ...

- [ ] do x
- [ ] and y

what about[^1]:

- [ ] z task

[^1]: <https://example.com>

## Implement Z

- [x] completed

  > https://localhost

- [ ] todo
