EpicTitle: Develop app
EpicBody:
The goal of app is ...

{code:bash}
$ command
output
{code}

StoryTitle: Implement X
StoryBody:
The goal of this story is ...

* ☐ do x
* ☐ and y

what about[1]:

* ☐ z task


\[1] [https://example.com]


StoryTitle: Implement Z
StoryBody:
* ☒ completed
bq. https://localhost
* ☐ todo

