Document
    { config = EmptyConfig
    , intro =
        [ Para
            [ Str "Document"
            , Space
            , Str "usage:"
            ]
        , BulletList
            [
                [ Plain
                    [ Str "test" ]
                ]
            ]
        ]
    , epics =
        [ Epic
            { mJira = Just "PROJ-42"
            , title = "Develop app"
            , description =
                [ Para
                    [ Str "The"
                    , Space
                    , Str "goal"
                    , Space
                    , Str "of"
                    , Space
                    , Str "app"
                    , Space
                    , Str "is"
                    , Space
                    , Str "..."
                    ]
                , CodeBlock
                    ( ""
                    , [ "bash" ]
                    , []
                    ) "$ command
                  output"
                ]
            , stories =
                [ Story
                    { mJira = Nothing
                    , title = "Implement X"
                    , status = Nothing
                    , description =
                        [ Para
                            [ Str "The"
                            , Space
                            , Str "goal"
                            , Space
                            , Str "of"
                            , Space
                            , Str "this"
                            , Space
                            , Str "story"
                            , Space
                            , Str "is"
                            , Space
                            , Str "..."
                            ]
                        , BulletList
                            [
                                [ Plain
                                    [ Str "☐"
                                    , Space
                                    , Str "do"
                                    , Space
                                    , Str "x"
                                    , Span
                                        ( ""
                                        , [ "n" ]
                                        , []
                                        ) [ Space ]
                                    ]
                                ]
                            ,
                                [ Plain
                                    [ Str "☐"
                                    , Space
                                    , Str "and"
                                    , Space
                                    , Str "y"
                                    ]
                                ]
                            ]
                        , Para
                            [ Str "what"
                            , Space
                            , Str "about:"
                            ]
                        , BulletList
                            [
                                [ Plain
                                    [ Str "☐"
                                    , Space
                                    , Str "z"
                                    , Space
                                    , Str "task"
                                    ]
                                ]
                            ]
                        ]
                    , points = Nothing
                    , updated = Nothing
                    }
                , Story
                    { mJira = Nothing
                    , title = "Implement Z"
                    , status = Nothing
                    , description =
                        [ BulletList
                            [
                                [ Para
                                    [ Str "☒"
                                    , Space
                                    , Str "completed"
                                    , Span
                                        ( ""
                                        , [ "tc" ]
                                        , []
                                        ) [ Space ]
                                    ]
                                , BlockQuote
                                    [ Para
                                        [ Str "https://localhost" ]
                                    ]
                                ]
                            ,
                                [ Para
                                    [ Str "☐"
                                    , Space
                                    , Str "todo"
                                    ]
                                ]
                            ]
                        ]
                    , points = Nothing
                    , updated = Nothing
                    }
                ]
            }
        ]
    }