Document
    { config = EmptyConfig
    , intro =
        [ Para
            [ Str "This"
            , Space
            , Str "is"
            , Space
            , Str "my"
            , Space
            , Str "backlog."
            ]
        ]
    , epics =
        [ Epic
            { mJira = Nothing
            , title = "Develop app"
            , description = []
            , stories =
                [ Story
                    { mJira = Nothing
                    , title = "Implement X"
                    , status = Nothing
                    , description =
                        [ Para
                            [ Str "The"
                            , Space
                            , Str "goal"
                            , Space
                            , Str "is..."
                            ]
                        ]
                    , points = Nothing
                    , updated = Nothing
                    }
                ]
            }
        ]
    }